[index-2.html]
[backblue.gif]
[fade.gif]
[index.html]
[index-3.html]
[index-2.html]
[files/2d/2di/2div3he07a.svg]
[files/07/07f/07fzq8e07a.svg]
[files/04/04p/04pi85e07a.css]
[ns7877.html]
[files/12/12c/12ce00e07a.css]
[files/3b/3b3/3b3gq1e07a.css]
[推薦/index.html]
[files/0e/0e8/0e8clme07a.css]
[我們的服務/index.html]
[馬上評估/index.html]
[聯絡資訊/index.html]
[files/0a/0ap/0ap7xye07a.css]
[手機貸款/index.html]
[files/22/223/2232ife07a.css]
[關於我們/index.html]
[files/4f/4fn/4fn1kwe07a.css]
[files/13/13w/13wxdfe07a.css]
[files/32/32v/32v4gje07a.css]
[files/0d/0ds/0dscwue07a.css]
[files/12/125/1257mce07a.css]
[zh/index1af0.html]
[ns7877.html]
[home/index.html]
[client.fe/js.compiled/compiled.multi.2-1614e07a.js]
[index5345.html]
[zh/index.html]
[img/favicon/favicon.ico]
[zh/index1af0.html]
[index-9.html]
[ns8500.html]
[index-10.html]
[zh/index2885.html]
[zh/realy-smart-features/index.html]
[zh/pricing-w2/index.html]
[zh/templates/index.html]
[img/portal-2015/lp/lp-hp-cbt-header-01-bck-en.png]
[img/portal-2015/lp/lp-hp-cbt-feature-save-money.png]
[img/portal-2015/lp/lp-hp-cbt-support.png]
[img/portal-2015/lp/lp-hp-cbt-build-on-go.png]
[img/portal-2015/lp/lp-hp-cbt-video-mockup.png]
[img/portal-2015/lp/video-hp-3-1-zh-tw.jpg]
[img/portal-2015/lp/lp-hp-cbt-video-mockup-bck.png]
[img/portal-2015/lp/lp-hp-templates-article-en.png]
[img/portal-2015/lp/lp-hp-cbt-article-eshop-zh-tw.png]
[img/portal-2015/lp/lp-hp-cbt-article-domain-en.png]
[img/portal-2015/lp/lp-hp-cbt-article-email-en.png]
[img/portal-2015/lp/lp-hp-cbt-article-support-zh-tw.png]
[img/portal-2015/lp/lp-hp-cbt-article-trust-website-en.png]
[img/portal-2015/lp/lp-hp-cbt-article-trust-photo-en.png]
[img/portal-2015/lp/lp-hp-cbt-article-easy-steps-en.png]
[zh/contact/index.html]
[zh/webnode-reviews/index.html]
[zh/affiliate/index.html]
[zh/personal-websites/index.html]
[zh/e-commerce/index.html]
[zh/business-websites/index.html]
[zh/domains-pricing/index.html]
[img/portal-2015/icons/bin.svg]
[zh/e-commerce-pricing/index.html]
[zh/terms-and-conditions/index.html]
[img/portal-2015/icons/bin-hover.svg]
[zh/privacy-policy/index.html]
[js/obfs/texts.zh-tw.1662.js]
[projects/-/events/index.html]
[js/obfs/common.bundle.a5219b32f3dae8e7bcc2.js]
[recaptcha/api3841.js]
[js/obfs/wndCommon.bundle.9a0856eaced542bd9d86.js]
[js/obfs/layout.bundle.1c0ae3cb4b8e5cde05d3.js]
[js/skeletor.js]
[zh/index37cd.html]
[img/portal-2015/payment/visa.svg]
[img/portal-2015/payment/american-express.svg]
[img/portal-2015/payment/mastercard.svg]
[img/portal-2015/payment/discover.svg]
[img/portal-2015/payment/jcb.svg]
[img/portal-2015/dashboard/dashboard-flags.png]
[img/portal-2015/detail/mockup-tablet.png]
[img/portal-2015/flag-sprite-16-v-1-5.png]
[img/portal-2015/detail/mockup-mobile.png]
[img/portal-2015/flags-full.png]
[img/portal-2015/icons/ico-ng-no-data.png]
[img/portal-2015/payment/paypal.svg]
[img/portal-2015/payment/stripe.png]
[img/portal-2015/dashboard/control-currencies.svg]
[img/portal-2015/dashboard/control-backups.svg]
[img/portal-2015/dashboard/control-billing.svg]
[img/portal-2015/dashboard/control-contact.svg]
[img/portal-2015/dashboard/control-customers.svg]
[img/portal-2015/dashboard/control-domains.svg]
[img/portal-2015/dashboard/control-editors.svg]
[img/portal-2015/dashboard/control-emails.svg]
[img/portal-2015/dashboard/control-form-data.svg]
[img/portal-2015/dashboard/control-member-login.svg]
[img/portal-2015/dashboard/control-orders.svg]
[img/portal-2015/dashboard/control-product-feed.svg]
[img/portal-2015/dashboard/control-promotions.svg]
[img/portal-2015/dashboard/control-security.svg]
[img/portal-2015/dashboard/control-settings.svg]
[img/portal-2015/dashboard/control-shipping.svg]
[img/portal-2015/dashboard/control-stats.svg]
[img/portal-2015/dashboard/control-tax-rates.svg]
[img/portal-2015/lp/lp-kit-wrapper-wavy-bck.jpg]
[img/portal-2015/icons/ico-feature-gear.svg]
[img/portal-2015/icons/rich-feature-icon-edit.svg]
[img/portal-2015/icons/rich-feature-icon-eshop.svg]
[img/portal-2015/icons/rich-feature-icon-responsive.svg]
[img/portal-2015/icons/rich-feature-icon-website.svg]
[img/portal-2015/lp/lp-hp-cbt-bck.png]
[css/obfs/webnode-2018.package.1-2-1148.css]
[zh/index.html]
[index-5.html]
[index-6.html]
[img/favicon/favicon.svg]
[img/favicon/favicon-16.svg]
[img/portal-2015/lp/lp-hp-cbt-header-01-en.png]
[img/portal-2015/lp/video-hp-3-1-en.jpg]
[features/index.html]
[blog/index.html]
[pricing-w2/index.html]
[templates/index.html]
[img/portal-2015/lp/lp-hp-cbt-article-ai-en.png]
[img/portal-2015/lp/lp-hp-cbt-article-eshop-en.png]
[img/portal-2015/lp/lp-hp-cbt-article-support-en.png]
[js/obfs/texts.en.1662.js]
[recaptcha/api0f33.js]
[index-10.html]
[about-us/index.html]
[webnode-reviews/index.html]
[contact/index.html]
[affiliate/index.html]
[personal-websites/index.html]
[business-websites/index.html]
[e-commerce/index.html]
[ns8500.html]
[e-commerce-pricing/index.html]
[domains-pricing/index.html]
[sk/index.html]
[hr/index.html]
[fr/index.html]
[it/index.html]
[lv/index.html]
[hu/index.html]
[nl/index.html]
[no/index.html]
[pl/index.html]
[pt/index.html]
[ro/index.html]
[fi/index.html]
[sv/index.html]
[cs/index.html]
[el/index.html]
[ru/index.html]
[uk/index.html]
[ja/index.html]
[terms-and-conditions/index.html]
[privacy-policy/index.html]
[zh/realy-smart-features/index.html]
[img/portal-2015/lp/lp-features-editor-en.png]
[img/portal-2015/lp/lp-features-domain-en.png]
[zh/templates/index.html]
[img/portal-2015/lp/lp-features-hosting-en.png]
[img/portal-2015/lp/lp-features-mailbox-en.png]
[img/portal-2015/lp/lp-features-design-templates-en.png]
[zh/pricing-w2/index.html]
[img/portal-2015/lp/lp-features-design-photos-en.png]
[img/portal-2015/lp/lp-features-statistics-en.png]
